---
http_interactions:
- request:
    method: get
    uri: http://www.mapquestapi.com/geocoding/v1/address?key=<Mapquest API Key>&location=Pueblo,%20CO
    body:
      encoding: US-ASCII
      string: ''
    headers:
      User-Agent:
      - Faraday v2.5.2
      Accept-Encoding:
      - gzip;q=1.0,deflate;q=0.6,identity;q=0.3
      Accept:
      - "*/*"
  response:
    status:
      code: 200
      message: ''
    headers:
      Date:
      - Mon, 26 Sep 2022 21:49:34 GMT
      Content-Type:
      - application/json;charset=UTF-8
      Content-Length:
      - '1735'
      Access-Control-Allow-Methods:
      - OPTIONS,GET,POST
      Access-Control-Allow-Origin:
      - "*"
      Cache-Control:
      - no-cache, must-revalidate
      Expires:
      - Mon, 20 Dec 1998 01:00:00 GMT
      Geocodetransactioncount:
      - '1'
      Last-Modified:
      - Mon, 26 Sep 2022 21:49:34 GMT
      Pragma:
      - no-cache
      Reversegeocodetransactioncount:
      - '0'
      Set-Cookie:
      - JSESSIONID=FD869F43EA6A214782588968828C71B0; Path=/; HttpOnly
      X-Vz-Migration-Api:
      - 'false'
      Status:
      - success
      - success
      Transactionweight:
      - '1.0'
    body:
      encoding: UTF-8
      string: '{"info":{"statuscode":0,"copyright":{"text":"\u00A9 2022 MapQuest,
        Inc.","imageUrl":"http://api.mqcdn.com/res/mqlogo.gif","imageAltText":"\u00A9
        2022 MapQuest, Inc."},"messages":[]},"options":{"maxResults":-1,"thumbMaps":true,"ignoreLatLngInput":false},"results":[{"providedLocation":{"location":"Pueblo,
        CO"},"locations":[{"street":"","adminArea6":"","adminArea6Type":"Neighborhood","adminArea5":"Pueblo","adminArea5Type":"City","adminArea4":"Pueblo
        County","adminArea4Type":"County","adminArea3":"CO","adminArea3Type":"State","adminArea1":"US","adminArea1Type":"Country","postalCode":"","geocodeQualityCode":"A5XAX","geocodeQuality":"CITY","dragPoint":false,"sideOfStreet":"N","linkId":"282040865","unknownInput":"","type":"s","latLng":{"lat":38.265425,"lng":-104.610415},"displayLatLng":{"lat":38.265425,"lng":-104.610415},"mapUrl":"http://www.mapquestapi.com/staticmap/v5/map?key=<Mapquest
        API Key>&type=map&size=225,160&locations=38.265425,-104.610415|marker-sm-50318A-1&scalebar=true&zoom=12&rand=-454199106"},{"street":"","adminArea6":"","adminArea6Type":"Neighborhood","adminArea5":"","adminArea5Type":"City","adminArea4":"Pueblo
        County","adminArea4Type":"County","adminArea3":"CO","adminArea3Type":"State","adminArea1":"US","adminArea1Type":"Country","postalCode":"","geocodeQualityCode":"A4XAX","geocodeQuality":"COUNTY","dragPoint":false,"sideOfStreet":"N","linkId":"282932014","unknownInput":"","type":"s","latLng":{"lat":38.265425,"lng":-104.610415},"displayLatLng":{"lat":38.265425,"lng":-104.610415},"mapUrl":"http://www.mapquestapi.com/staticmap/v5/map?key=<Mapquest
        API Key>&type=map&size=225,160&locations=38.265425,-104.610415|marker-sm-50318A-2&scalebar=true&zoom=9&rand=1822481236"}]}]}'
  recorded_at: Mon, 26 Sep 2022 21:49:34 GMT
- request:
    method: get
    uri: https://api.openweathermap.org/data/3.0/onecall?appid=<OpenWeather API Key>&lat=38.265425&lon=-104.610415&units=imperial
    body:
      encoding: US-ASCII
      string: ''
    headers:
      User-Agent:
      - Faraday v2.5.2
      Accept-Encoding:
      - gzip;q=1.0,deflate;q=0.6,identity;q=0.3
      Accept:
      - "*/*"
  response:
    status:
      code: 200
      message: OK
    headers:
      Server:
      - openresty
      Date:
      - Mon, 26 Sep 2022 21:49:34 GMT
      Content-Type:
      - application/json; charset=utf-8
      Content-Length:
      - '19812'
      Connection:
      - keep-alive
      X-Cache-Key:
      - "/data/3.0/onecall?lat=38.27&lon=-104.61&units=imperial"
      Access-Control-Allow-Origin:
      - "*"
      Access-Control-Allow-Credentials:
      - 'true'
      Access-Control-Allow-Methods:
      - GET, POST
    body:
      encoding: UTF-8
      string: '{"lat":38.2654,"lon":-104.6104,"timezone":"America/Denver","timezone_offset":-21600,"current":{"dt":1664228974,"sunrise":1664196581,"sunset":1664239784,"temp":85.82,"feels_like":82.51,"pressure":1018,"humidity":11,"dew_point":26.08,"uvi":2.86,"clouds":0,"visibility":10000,"wind_speed":5.99,"wind_deg":26,"wind_gust":10,"weather":[{"id":800,"main":"Clear","description":"clear
        sky","icon":"01d"}]},"minutely":[{"dt":1664229000,"precipitation":0},{"dt":1664229060,"precipitation":0},{"dt":1664229120,"precipitation":0},{"dt":1664229180,"precipitation":0},{"dt":1664229240,"precipitation":0},{"dt":1664229300,"precipitation":0},{"dt":1664229360,"precipitation":0},{"dt":1664229420,"precipitation":0},{"dt":1664229480,"precipitation":0},{"dt":1664229540,"precipitation":0},{"dt":1664229600,"precipitation":0},{"dt":1664229660,"precipitation":0},{"dt":1664229720,"precipitation":0},{"dt":1664229780,"precipitation":0},{"dt":1664229840,"precipitation":0},{"dt":1664229900,"precipitation":0},{"dt":1664229960,"precipitation":0},{"dt":1664230020,"precipitation":0},{"dt":1664230080,"precipitation":0},{"dt":1664230140,"precipitation":0},{"dt":1664230200,"precipitation":0},{"dt":1664230260,"precipitation":0},{"dt":1664230320,"precipitation":0},{"dt":1664230380,"precipitation":0},{"dt":1664230440,"precipitation":0},{"dt":1664230500,"precipitation":0},{"dt":1664230560,"precipitation":0},{"dt":1664230620,"precipitation":0},{"dt":1664230680,"precipitation":0},{"dt":1664230740,"precipitation":0},{"dt":1664230800,"precipitation":0},{"dt":1664230860,"precipitation":0},{"dt":1664230920,"precipitation":0},{"dt":1664230980,"precipitation":0},{"dt":1664231040,"precipitation":0},{"dt":1664231100,"precipitation":0},{"dt":1664231160,"precipitation":0},{"dt":1664231220,"precipitation":0},{"dt":1664231280,"precipitation":0},{"dt":1664231340,"precipitation":0},{"dt":1664231400,"precipitation":0},{"dt":1664231460,"precipitation":0},{"dt":1664231520,"precipitation":0},{"dt":1664231580,"precipitation":0},{"dt":1664231640,"precipitation":0},{"dt":1664231700,"precipitation":0},{"dt":1664231760,"precipitation":0},{"dt":1664231820,"precipitation":0},{"dt":1664231880,"precipitation":0},{"dt":1664231940,"precipitation":0},{"dt":1664232000,"precipitation":0},{"dt":1664232060,"precipitation":0},{"dt":1664232120,"precipitation":0},{"dt":1664232180,"precipitation":0},{"dt":1664232240,"precipitation":0},{"dt":1664232300,"precipitation":0},{"dt":1664232360,"precipitation":0},{"dt":1664232420,"precipitation":0},{"dt":1664232480,"precipitation":0},{"dt":1664232540,"precipitation":0},{"dt":1664232600,"precipitation":0}],"hourly":[{"dt":1664226000,"temp":85.3,"feels_like":82.09,"pressure":1017,"humidity":12,"dew_point":27.57,"uvi":4.79,"clouds":0,"visibility":10000,"wind_speed":5.57,"wind_deg":94,"wind_gust":6.13,"weather":[{"id":800,"main":"Clear","description":"clear
        sky","icon":"01d"}],"pop":0},{"dt":1664229600,"temp":85.82,"feels_like":82.51,"pressure":1018,"humidity":11,"dew_point":26.08,"uvi":2.86,"clouds":0,"visibility":10000,"wind_speed":5.41,"wind_deg":109,"wind_gust":6.24,"weather":[{"id":800,"main":"Clear","description":"clear
        sky","icon":"01d"}],"pop":0},{"dt":1664233200,"temp":85.44,"feels_like":82.2,"pressure":1017,"humidity":12,"dew_point":27.68,"uvi":1.23,"clouds":0,"visibility":10000,"wind_speed":6.76,"wind_deg":107,"wind_gust":7.29,"weather":[{"id":800,"main":"Clear","description":"clear
        sky","icon":"01d"}],"pop":0},{"dt":1664236800,"temp":84.25,"feels_like":81.28,"pressure":1016,"humidity":13,"dew_point":28.58,"uvi":0.29,"clouds":0,"visibility":10000,"wind_speed":8.19,"wind_deg":109,"wind_gust":10.63,"weather":[{"id":800,"main":"Clear","description":"clear
        sky","icon":"01d"}],"pop":0},{"dt":1664240400,"temp":79.34,"feels_like":79.34,"pressure":1017,"humidity":16,"dew_point":29.62,"uvi":0,"clouds":0,"visibility":10000,"wind_speed":7.67,"wind_deg":120,"wind_gust":11.36,"weather":[{"id":800,"main":"Clear","description":"clear
        sky","icon":"01n"}],"pop":0},{"dt":1664244000,"temp":74.14,"feels_like":72.19,"pressure":1017,"humidity":20,"dew_point":30.72,"uvi":0,"clouds":0,"visibility":10000,"wind_speed":5.57,"wind_deg":123,"wind_gust":7.49,"weather":[{"id":800,"main":"Clear","description":"clear
        sky","icon":"01n"}],"pop":0},{"dt":1664247600,"temp":68.72,"feels_like":66.42,"pressure":1018,"humidity":24,"dew_point":29.43,"uvi":0,"clouds":0,"visibility":10000,"wind_speed":4.54,"wind_deg":95,"wind_gust":5.68,"weather":[{"id":800,"main":"Clear","description":"clear
        sky","icon":"01n"}],"pop":0},{"dt":1664251200,"temp":66.79,"feels_like":64.35,"pressure":1018,"humidity":25,"dew_point":29.39,"uvi":0,"clouds":9,"visibility":10000,"wind_speed":3.4,"wind_deg":52,"wind_gust":3.98,"weather":[{"id":800,"main":"Clear","description":"clear
        sky","icon":"01n"}],"pop":0},{"dt":1664254800,"temp":66.04,"feels_like":63.57,"pressure":1019,"humidity":26,"dew_point":29.32,"uvi":0,"clouds":27,"visibility":10000,"wind_speed":4.76,"wind_deg":19,"wind_gust":5.23,"weather":[{"id":802,"main":"Clouds","description":"scattered
        clouds","icon":"03n"}],"pop":0},{"dt":1664258400,"temp":64.98,"feels_like":62.44,"pressure":1019,"humidity":27,"dew_point":29.8,"uvi":0,"clouds":39,"visibility":10000,"wind_speed":4.68,"wind_deg":11,"wind_gust":5.17,"weather":[{"id":802,"main":"Clouds","description":"scattered
        clouds","icon":"03n"}],"pop":0},{"dt":1664262000,"temp":63.93,"feels_like":61.39,"pressure":1019,"humidity":29,"dew_point":30.38,"uvi":0,"clouds":99,"visibility":10000,"wind_speed":3.98,"wind_deg":331,"wind_gust":4.23,"weather":[{"id":804,"main":"Clouds","description":"overcast
        clouds","icon":"04n"}],"pop":0},{"dt":1664265600,"temp":63.7,"feels_like":61.12,"pressure":1019,"humidity":29,"dew_point":30.51,"uvi":0,"clouds":99,"visibility":10000,"wind_speed":4.65,"wind_deg":322,"wind_gust":4.99,"weather":[{"id":804,"main":"Clouds","description":"overcast
        clouds","icon":"04n"}],"pop":0},{"dt":1664269200,"temp":62.65,"feels_like":60.08,"pressure":1019,"humidity":31,"dew_point":30.79,"uvi":0,"clouds":88,"visibility":10000,"wind_speed":4.54,"wind_deg":309,"wind_gust":5.06,"weather":[{"id":804,"main":"Clouds","description":"overcast
        clouds","icon":"04n"}],"pop":0},{"dt":1664272800,"temp":62.08,"feels_like":59.49,"pressure":1019,"humidity":32,"dew_point":31.06,"uvi":0,"clouds":76,"visibility":10000,"wind_speed":4.29,"wind_deg":301,"wind_gust":4.43,"weather":[{"id":803,"main":"Clouds","description":"broken
        clouds","icon":"04n"}],"pop":0},{"dt":1664276400,"temp":61.84,"feels_like":59.23,"pressure":1019,"humidity":32,"dew_point":31.28,"uvi":0,"clouds":81,"visibility":10000,"wind_speed":3.85,"wind_deg":301,"wind_gust":3.98,"weather":[{"id":803,"main":"Clouds","description":"broken
        clouds","icon":"04n"}],"pop":0},{"dt":1664280000,"temp":61.52,"feels_like":58.93,"pressure":1019,"humidity":33,"dew_point":31.3,"uvi":0,"clouds":84,"visibility":10000,"wind_speed":3.65,"wind_deg":313,"wind_gust":3.74,"weather":[{"id":803,"main":"Clouds","description":"broken
        clouds","icon":"04n"}],"pop":0},{"dt":1664283600,"temp":60.89,"feels_like":58.28,"pressure":1020,"humidity":34,"dew_point":31.41,"uvi":0,"clouds":71,"visibility":10000,"wind_speed":3.53,"wind_deg":308,"wind_gust":3.65,"weather":[{"id":803,"main":"Clouds","description":"broken
        clouds","icon":"04d"}],"pop":0},{"dt":1664287200,"temp":65.79,"feels_like":63.43,"pressure":1020,"humidity":29,"dew_point":32.58,"uvi":0.28,"clouds":66,"visibility":10000,"wind_speed":3.53,"wind_deg":309,"wind_gust":3.98,"weather":[{"id":803,"main":"Clouds","description":"broken
        clouds","icon":"04d"}],"pop":0},{"dt":1664290800,"temp":69.66,"feels_like":67.5,"pressure":1020,"humidity":25,"dew_point":31.62,"uvi":1.17,"clouds":64,"visibility":10000,"wind_speed":3.24,"wind_deg":326,"wind_gust":3.87,"weather":[{"id":803,"main":"Clouds","description":"broken
        clouds","icon":"04d"}],"pop":0},{"dt":1664294400,"temp":72.95,"feels_like":70.99,"pressure":1020,"humidity":22,"dew_point":31.6,"uvi":2.73,"clouds":72,"visibility":10000,"wind_speed":1.5,"wind_deg":4,"wind_gust":1.83,"weather":[{"id":803,"main":"Clouds","description":"broken
        clouds","icon":"04d"}],"pop":0},{"dt":1664298000,"temp":76.24,"feels_like":74.52,"pressure":1019,"humidity":20,"dew_point":31.86,"uvi":4.59,"clouds":60,"visibility":10000,"wind_speed":2.66,"wind_deg":121,"wind_gust":2.73,"weather":[{"id":803,"main":"Clouds","description":"broken
        clouds","icon":"04d"}],"pop":0},{"dt":1664301600,"temp":78.66,"feels_like":77.11,"pressure":1018,"humidity":19,"dew_point":32.99,"uvi":6.12,"clouds":50,"visibility":10000,"wind_speed":5.86,"wind_deg":127,"wind_gust":5.73,"weather":[{"id":802,"main":"Clouds","description":"scattered
        clouds","icon":"03d"}],"pop":0},{"dt":1664305200,"temp":81.14,"feels_like":79.25,"pressure":1017,"humidity":19,"dew_point":34.88,"uvi":6.76,"clouds":6,"visibility":10000,"wind_speed":8.66,"wind_deg":131,"wind_gust":8.34,"weather":[{"id":800,"main":"Clear","description":"clear
        sky","icon":"01d"}],"pop":0.16},{"dt":1664308800,"temp":82.69,"feels_like":80.29,"pressure":1016,"humidity":19,"dew_point":36.68,"uvi":6.17,"clouds":6,"visibility":10000,"wind_speed":8.95,"wind_deg":121,"wind_gust":8.37,"weather":[{"id":800,"main":"Clear","description":"clear
        sky","icon":"01d"}],"pop":0.2},{"dt":1664312400,"temp":83.77,"feels_like":81.07,"pressure":1015,"humidity":19,"dew_point":37.26,"uvi":4.63,"clouds":5,"visibility":10000,"wind_speed":11.56,"wind_deg":112,"wind_gust":10.07,"weather":[{"id":800,"main":"Clear","description":"clear
        sky","icon":"01d"}],"pop":0.22},{"dt":1664316000,"temp":76.71,"feels_like":75.49,"pressure":1016,"humidity":30,"dew_point":41.27,"uvi":2.53,"clouds":21,"visibility":10000,"wind_speed":22.12,"wind_deg":186,"wind_gust":23.76,"weather":[{"id":500,"main":"Rain","description":"light
        rain","icon":"10d"}],"pop":0.33,"rain":{"1h":0.33}},{"dt":1664319600,"temp":76.89,"feels_like":75.6,"pressure":1016,"humidity":28,"dew_point":40.06,"uvi":1.08,"clouds":18,"visibility":10000,"wind_speed":21.39,"wind_deg":200,"wind_gust":23.69,"weather":[{"id":801,"main":"Clouds","description":"few
        clouds","icon":"02d"}],"pop":0.3},{"dt":1664323200,"temp":75.61,"feels_like":74.28,"pressure":1017,"humidity":30,"dew_point":41.77,"uvi":0.25,"clouds":17,"visibility":10000,"wind_speed":11.99,"wind_deg":208,"wind_gust":20.65,"weather":[{"id":500,"main":"Rain","description":"light
        rain","icon":"10d"}],"pop":0.42,"rain":{"1h":0.15}},{"dt":1664326800,"temp":69.75,"feels_like":68.31,"pressure":1019,"humidity":40,"dew_point":43.92,"uvi":0,"clouds":98,"visibility":10000,"wind_speed":11.56,"wind_deg":358,"wind_gust":14,"weather":[{"id":500,"main":"Rain","description":"light
        rain","icon":"10n"}],"pop":0.36,"rain":{"1h":0.12}},{"dt":1664330400,"temp":67.3,"feels_like":65.98,"pressure":1020,"humidity":48,"dew_point":46.54,"uvi":0,"clouds":99,"visibility":10000,"wind_speed":10.09,"wind_deg":360,"wind_gust":14.63,"weather":[{"id":804,"main":"Clouds","description":"overcast
        clouds","icon":"04n"}],"pop":0.3},{"dt":1664334000,"temp":66.34,"feels_like":64.98,"pressure":1022,"humidity":49,"dew_point":46.2,"uvi":0,"clouds":97,"visibility":10000,"wind_speed":10.6,"wind_deg":309,"wind_gust":18.99,"weather":[{"id":804,"main":"Clouds","description":"overcast
        clouds","icon":"04n"}],"pop":0.34},{"dt":1664337600,"temp":66.87,"feels_like":65.61,"pressure":1022,"humidity":50,"dew_point":46.8,"uvi":0,"clouds":98,"visibility":10000,"wind_speed":13.51,"wind_deg":299,"wind_gust":19.51,"weather":[{"id":804,"main":"Clouds","description":"overcast
        clouds","icon":"04n"}],"pop":0.37},{"dt":1664341200,"temp":66.63,"feels_like":65.39,"pressure":1022,"humidity":51,"dew_point":47.3,"uvi":0,"clouds":98,"visibility":10000,"wind_speed":7.74,"wind_deg":316,"wind_gust":14.03,"weather":[{"id":804,"main":"Clouds","description":"overcast
        clouds","icon":"04n"}],"pop":0.37},{"dt":1664344800,"temp":66.24,"feels_like":64.96,"pressure":1022,"humidity":51,"dew_point":46.76,"uvi":0,"clouds":98,"visibility":10000,"wind_speed":7.9,"wind_deg":280,"wind_gust":13.51,"weather":[{"id":804,"main":"Clouds","description":"overcast
        clouds","icon":"04n"}],"pop":0.37},{"dt":1664348400,"temp":64.53,"feels_like":63.18,"pressure":1022,"humidity":53,"dew_point":46.29,"uvi":0,"clouds":82,"visibility":10000,"wind_speed":4.25,"wind_deg":289,"wind_gust":5.88,"weather":[{"id":803,"main":"Clouds","description":"broken
        clouds","icon":"04n"}],"pop":0},{"dt":1664352000,"temp":64.69,"feels_like":63.3,"pressure":1022,"humidity":52,"dew_point":46.38,"uvi":0,"clouds":89,"visibility":10000,"wind_speed":4.72,"wind_deg":353,"wind_gust":8.32,"weather":[{"id":804,"main":"Clouds","description":"overcast
        clouds","icon":"04n"}],"pop":0},{"dt":1664355600,"temp":64.35,"feels_like":62.98,"pressure":1022,"humidity":53,"dew_point":46.08,"uvi":0,"clouds":91,"visibility":10000,"wind_speed":1.59,"wind_deg":335,"wind_gust":3.8,"weather":[{"id":804,"main":"Clouds","description":"overcast
        clouds","icon":"04n"}],"pop":0},{"dt":1664359200,"temp":61.86,"feels_like":60.39,"pressure":1022,"humidity":56,"dew_point":45,"uvi":0,"clouds":83,"visibility":10000,"wind_speed":0.98,"wind_deg":43,"wind_gust":2.95,"weather":[{"id":803,"main":"Clouds","description":"broken
        clouds","icon":"04n"}],"pop":0},{"dt":1664362800,"temp":60.39,"feels_like":58.75,"pressure":1022,"humidity":56,"dew_point":43.72,"uvi":0,"clouds":69,"visibility":10000,"wind_speed":1.48,"wind_deg":44,"wind_gust":3.49,"weather":[{"id":803,"main":"Clouds","description":"broken
        clouds","icon":"04n"}],"pop":0},{"dt":1664366400,"temp":59,"feels_like":57.27,"pressure":1022,"humidity":57,"dew_point":42.98,"uvi":0,"clouds":59,"visibility":10000,"wind_speed":2.08,"wind_deg":64,"wind_gust":3.42,"weather":[{"id":803,"main":"Clouds","description":"broken
        clouds","icon":"04n"}],"pop":0},{"dt":1664370000,"temp":57.94,"feels_like":56.16,"pressure":1023,"humidity":58,"dew_point":42.42,"uvi":0,"clouds":5,"visibility":10000,"wind_speed":2.39,"wind_deg":66,"wind_gust":3.15,"weather":[{"id":800,"main":"Clear","description":"clear
        sky","icon":"01d"}],"pop":0},{"dt":1664373600,"temp":61.57,"feels_like":59.77,"pressure":1023,"humidity":50,"dew_point":42.17,"uvi":0.28,"clouds":7,"visibility":10000,"wind_speed":2.13,"wind_deg":69,"wind_gust":2.28,"weather":[{"id":800,"main":"Clear","description":"clear
        sky","icon":"01d"}],"pop":0},{"dt":1664377200,"temp":64.78,"feels_like":63.07,"pressure":1023,"humidity":45,"dew_point":42.37,"uvi":1.14,"clouds":6,"visibility":10000,"wind_speed":1.43,"wind_deg":84,"wind_gust":1.12,"weather":[{"id":800,"main":"Clear","description":"clear
        sky","icon":"01d"}],"pop":0},{"dt":1664380800,"temp":68.23,"feels_like":66.74,"pressure":1023,"humidity":42,"dew_point":43.57,"uvi":2.69,"clouds":6,"visibility":10000,"wind_speed":2.35,"wind_deg":124,"wind_gust":3.69,"weather":[{"id":800,"main":"Clear","description":"clear
        sky","icon":"01d"}],"pop":0},{"dt":1664384400,"temp":72.05,"feels_like":70.7,"pressure":1022,"humidity":37,"dew_point":44.06,"uvi":4.55,"clouds":7,"visibility":10000,"wind_speed":4.43,"wind_deg":140,"wind_gust":6.08,"weather":[{"id":800,"main":"Clear","description":"clear
        sky","icon":"01d"}],"pop":0},{"dt":1664388000,"temp":75.76,"feels_like":74.59,"pressure":1021,"humidity":33,"dew_point":43.9,"uvi":6.06,"clouds":8,"visibility":10000,"wind_speed":5.17,"wind_deg":139,"wind_gust":6.35,"weather":[{"id":800,"main":"Clear","description":"clear
        sky","icon":"01d"}],"pop":0},{"dt":1664391600,"temp":79.34,"feels_like":79.34,"pressure":1019,"humidity":28,"dew_point":43.16,"uvi":6.69,"clouds":13,"visibility":10000,"wind_speed":5.79,"wind_deg":127,"wind_gust":6.24,"weather":[{"id":801,"main":"Clouds","description":"few
        clouds","icon":"02d"}],"pop":0},{"dt":1664395200,"temp":81.88,"feels_like":80.04,"pressure":1017,"humidity":25,"dew_point":41.86,"uvi":6.1,"clouds":12,"visibility":10000,"wind_speed":6.22,"wind_deg":119,"wind_gust":6.4,"weather":[{"id":801,"main":"Clouds","description":"few
        clouds","icon":"02d"}],"pop":0}],"daily":[{"dt":1664215200,"sunrise":1664196581,"sunset":1664239784,"moonrise":1664199000,"moonset":1664242140,"moon_phase":0.03,"temp":{"day":78.94,"min":54.81,"max":85.82,"night":66.04,"eve":84.25,"morn":55.49},"feels_like":{"day":78.94,"night":63.57,"eve":81.28,"morn":52.99},"pressure":1018,"humidity":21,"dew_point":35.73,"wind_speed":8.19,"wind_deg":109,"wind_gust":11.36,"weather":[{"id":800,"main":"Clear","description":"clear
        sky","icon":"01d"}],"clouds":0,"pop":0,"uvi":6.97},{"dt":1664301600,"sunrise":1664283034,"sunset":1664326089,"moonrise":1664289300,"moonset":1664330040,"moon_phase":0.06,"temp":{"day":78.66,"min":60.89,"max":83.77,"night":66.63,"eve":75.61,"morn":61.52},"feels_like":{"day":77.11,"night":65.39,"eve":74.28,"morn":58.93},"pressure":1018,"humidity":19,"dew_point":32.99,"wind_speed":22.12,"wind_deg":186,"wind_gust":23.76,"weather":[{"id":500,"main":"Rain","description":"light
        rain","icon":"10d"}],"clouds":50,"pop":0.42,"rain":0.6,"uvi":6.76},{"dt":1664388000,"sunrise":1664369486,"sunset":1664412395,"moonrise":1664379840,"moonset":1664418180,"moon_phase":0.1,"temp":{"day":75.76,"min":57.94,"max":83.68,"night":66.88,"eve":79.66,"morn":59},"feels_like":{"day":74.59,"night":65.34,"eve":79.66,"morn":57.27},"pressure":1021,"humidity":33,"dew_point":43.9,"wind_speed":17.45,"wind_deg":171,"wind_gust":26.26,"weather":[{"id":800,"main":"Clear","description":"clear
        sky","icon":"01d"}],"clouds":8,"pop":0.37,"uvi":6.69},{"dt":1664474400,"sunrise":1664455939,"sunset":1664498700,"moonrise":1664470500,"moonset":1664506680,"moon_phase":0.13,"temp":{"day":83.91,"min":63.07,"max":86.7,"night":71.96,"eve":82.81,"morn":63.07},"feels_like":{"day":81.14,"night":70.12,"eve":80.35,"morn":61.38},"pressure":1014,"humidity":18,"dew_point":36.19,"wind_speed":8.41,"wind_deg":280,"wind_gust":13.65,"weather":[{"id":803,"main":"Clouds","description":"broken
        clouds","icon":"04d"}],"clouds":51,"pop":0.04,"uvi":6.32},{"dt":1664560800,"sunrise":1664542392,"sunset":1664585006,"moonrise":1664561220,"moonset":1664595600,"moon_phase":0.17,"temp":{"day":82.76,"min":62.82,"max":85.26,"night":70.05,"eve":82.13,"morn":62.82},"feels_like":{"day":80.35,"night":68.4,"eve":79.92,"morn":60.67},"pressure":1009,"humidity":19,"dew_point":35.6,"wind_speed":13.04,"wind_deg":335,"wind_gust":21.05,"weather":[{"id":800,"main":"Clear","description":"clear
        sky","icon":"01d"}],"clouds":6,"pop":0.16,"uvi":6.42},{"dt":1664647200,"sunrise":1664628846,"sunset":1664671312,"moonrise":1664651880,"moonset":1664685060,"moon_phase":0.2,"temp":{"day":70.18,"min":57.24,"max":70.18,"night":57.56,"eve":61.88,"morn":57.24},"feels_like":{"day":68.86,"night":56.59,"eve":60.49,"morn":55.99},"pressure":1011,"humidity":42,"dew_point":45.75,"wind_speed":14.65,"wind_deg":237,"wind_gust":13.24,"weather":[{"id":501,"main":"Rain","description":"moderate
        rain","icon":"10d"}],"clouds":43,"pop":0.98,"rain":7.21,"uvi":7},{"dt":1664733600,"sunrise":1664715300,"sunset":1664757619,"moonrise":1664742180,"moonset":1664775120,"moon_phase":0.25,"temp":{"day":66.92,"min":52.59,"max":76.1,"night":62.87,"eve":72.48,"morn":52.59},"feels_like":{"day":65.52,"night":61.63,"eve":71.08,"morn":51.55},"pressure":1015,"humidity":47,"dew_point":45.79,"wind_speed":14,"wind_deg":16,"wind_gust":15.43,"weather":[{"id":500,"main":"Rain","description":"light
        rain","icon":"10d"}],"clouds":0,"pop":0.45,"rain":0.51,"uvi":7},{"dt":1664820000,"sunrise":1664801754,"sunset":1664843926,"moonrise":1664832060,"moonset":0,"moon_phase":0.28,"temp":{"day":65.7,"min":55,"max":68.85,"night":59.04,"eve":67.78,"morn":55},"feels_like":{"day":63.84,"night":57.09,"eve":65.71,"morn":53.35},"pressure":1019,"humidity":40,"dew_point":40.14,"wind_speed":18.59,"wind_deg":19,"wind_gust":30.89,"weather":[{"id":500,"main":"Rain","description":"light
        rain","icon":"10d"}],"clouds":69,"pop":0.52,"rain":0.4,"uvi":7}]}'
  recorded_at: Mon, 26 Sep 2022 21:49:35 GMT
- request:
    method: get
    uri: http://www.mapquestapi.com/directions/v2/route?from=Denver,%20CO&key=<Mapquest
      API Key>&to=Pueblo,%20CO
    body:
      encoding: US-ASCII
      string: ''
    headers:
      User-Agent:
      - Faraday v2.5.2
      Accept-Encoding:
      - gzip;q=1.0,deflate;q=0.6,identity;q=0.3
      Accept:
      - "*/*"
  response:
    status:
      code: 200
      message: ''
    headers:
      Date:
      - Mon, 26 Sep 2022 21:49:35 GMT
      Content-Type:
      - application/json;charset=UTF-8
      Transfer-Encoding:
      - chunked
      Set-Cookie:
      - JSESSIONID=B4356486AA3571F42CC084E28569D556; Path=/directions; HttpOnly
      Expires:
      - Mon, 20 Dec 1998 01:00:00 GMT
      Last-Modified:
      - Mon, 26 Sep 2022 21:49:35 GMT
      Cache-Control:
      - no-cache, must-revalidate
      Pragma:
      - no-cache
      X-Vz-Migration-Api:
      - 'false'
      Access-Control-Allow-Origin:
      - "*"
      Access-Control-Allow-Methods:
      - OPTIONS,GET,POST
      Status:
      - success
      Transactionweight:
      - '1'
    body:
      encoding: UTF-8
      string: '{"route":{"hasTollRoad":false,"hasBridge":true,"boundingBox":{"lr":{"lng":-104.60508,"lat":38.265427},"ul":{"lng":-104.987602,"lat":39.738453}},"distance":111.387,"hasTimedRestriction":false,"hasTunnel":false,"hasHighway":true,"computedWaypoints":[],"routeError":{"errorCode":-400,"message":""},"formattedTime":"01:45:23","sessionId":"63321e6f-00ae-5f21-02b4-3804-06e2d722c673","hasAccessRestriction":false,"realTime":7799,"hasSeasonalClosure":false,"hasCountryCross":false,"fuelUsed":5.42,"legs":[{"hasTollRoad":false,"hasBridge":true,"destNarrative":"Proceed
        to PUEBLO, CO.","distance":111.387,"hasTimedRestriction":false,"hasTunnel":false,"hasHighway":true,"index":0,"formattedTime":"01:45:23","origIndex":2,"hasAccessRestriction":false,"hasSeasonalClosure":false,"hasCountryCross":false,"roadGradeStrategy":[[]],"destIndex":5,"time":6323,"hasUnpaved":false,"origNarrative":"Go
        south on N Broadway.","maneuvers":[{"distance":0.109,"streets":["N Sherman
        St"],"narrative":"Start out going south on N Sherman St toward E 13th Ave.","turnType":0,"startPoint":{"lng":-104.984856,"lat":39.738453},"index":0,"formattedTime":"00:00:23","directionName":"South","maneuverNotes":[],"linkIds":[],"signs":[],"mapUrl":"http://www.mapquestapi.com/staticmap/v5/map?key=<Mapquest
        API Key>&size=225,160&locations=39.73845291137695,-104.98485565185547|marker-1||39.73687744140625,-104.9848403930664|marker-2||&center=39.7376651763916,-104.98484802246094&defaultMarker=none&zoom=13&rand=1700097827&session=63321e6f-00ae-5f21-02b4-3804-06e2d722c673","transportMode":"AUTO","attributes":0,"time":23,"iconUrl":"http://content.mqcdn.com/mqsite/turnsigns/icon-dirs-start_sm.gif","direction":4},{"distance":0.135,"streets":["E
        13th Ave"],"narrative":"Turn right onto E 13th Ave.","turnType":2,"startPoint":{"lng":-104.98484,"lat":39.736877},"index":1,"formattedTime":"00:00:22","directionName":"West","maneuverNotes":[],"linkIds":[],"signs":[],"mapUrl":"http://www.mapquestapi.com/staticmap/v5/map?key=<Mapquest
        API Key>&size=225,160&locations=39.73687744140625,-104.9848403930664|marker-2||39.73686981201172,-104.98737335205078|marker-3||&center=39.736873626708984,-104.9861068725586&defaultMarker=none&zoom=13&rand=1700097827&session=63321e6f-00ae-5f21-02b4-3804-06e2d722c673","transportMode":"AUTO","attributes":0,"time":22,"iconUrl":"http://content.mqcdn.com/mqsite/turnsigns/rs_right_sm.gif","direction":7},{"distance":2.486,"streets":["N
        Broadway"],"narrative":"Turn left onto N Broadway.","turnType":6,"startPoint":{"lng":-104.987373,"lat":39.73687},"index":2,"formattedTime":"00:05:59","directionName":"South","maneuverNotes":[],"linkIds":[],"signs":[],"mapUrl":"http://www.mapquestapi.com/staticmap/v5/map?key=<Mapquest
        API Key>&size=225,160&locations=39.73686981201172,-104.98737335205078|marker-3||39.70084762573242,-104.98760223388672|marker-4||&center=39.71885871887207,-104.98748779296875&defaultMarker=none&zoom=8&rand=1700097827&session=63321e6f-00ae-5f21-02b4-3804-06e2d722c673","transportMode":"AUTO","attributes":1024,"time":359,"iconUrl":"http://content.mqcdn.com/mqsite/turnsigns/rs_left_sm.gif","direction":4},{"distance":0.014,"streets":[],"narrative":"Turn
        left to take the I-25 S ramp toward Colo Spgs.","turnType":13,"startPoint":{"lng":-104.987602,"lat":39.700848},"index":3,"formattedTime":"00:00:07","directionName":"Southeast","maneuverNotes":[],"linkIds":[],"signs":[],"mapUrl":"http://www.mapquestapi.com/staticmap/v5/map?key=<Mapquest
        API Key>&size=225,160&locations=39.70084762573242,-104.98760223388672|marker-4||39.70073318481445,-104.98739624023438|marker-5||&center=39.70079040527344,-104.98749923706055&defaultMarker=none&zoom=15&rand=1700097827&session=63321e6f-00ae-5f21-02b4-3804-06e2d722c673","transportMode":"AUTO","attributes":0,"time":7,"iconUrl":"http://content.mqcdn.com/mqsite/turnsigns/rs_ramp_sm.gif","direction":5},{"distance":108.053,"streets":["I-25
        S"],"narrative":"Merge onto I-25 S.","turnType":10,"startPoint":{"lng":-104.987396,"lat":39.700733},"index":4,"formattedTime":"01:37:14","directionName":"South","maneuverNotes":[],"linkIds":[],"signs":[{"extraText":"","text":"25","type":1,"url":"http://icons.mqcdn.com/icons/rs1.png?n=25&d=SOUTH","direction":4}],"mapUrl":"http://www.mapquestapi.com/staticmap/v5/map?key=<Mapquest
        API Key>&size=225,160&locations=39.70073318481445,-104.98739624023438|marker-5||38.27110290527344,-104.6050796508789|marker-6||&center=38.985918045043945,-104.79623794555664&defaultMarker=none&zoom=3&rand=1700097827&session=63321e6f-00ae-5f21-02b4-3804-06e2d722c673","transportMode":"AUTO","attributes":1152,"time":5834,"iconUrl":"http://content.mqcdn.com/mqsite/turnsigns/rs_merge_right_sm.gif","direction":4},{"distance":0.221,"streets":[],"narrative":"Take
        the 1st Street exit, EXIT 98B.","turnType":14,"startPoint":{"lng":-104.60508,"lat":38.271103},"index":5,"formattedTime":"00:00:19","directionName":"South","maneuverNotes":[],"linkIds":[],"signs":[{"extraText":"","text":"98B","type":1001,"url":"http://icons.mqcdn.com/icons/rs1001.png?n=98B&d=RIGHT","direction":0}],"mapUrl":"http://www.mapquestapi.com/staticmap/v5/map?key=<Mapquest
        API Key>&size=225,160&locations=38.27110290527344,-104.6050796508789|marker-6||38.26797103881836,-104.6056137084961|marker-7||&center=38.2695369720459,-104.6053466796875&defaultMarker=none&zoom=11&rand=1700097827&session=63321e6f-00ae-5f21-02b4-3804-06e2d722c673","transportMode":"AUTO","attributes":1024,"time":19,"iconUrl":"http://content.mqcdn.com/mqsite/turnsigns/rs_gr_exitright_sm.gif","direction":4},{"distance":0.079,"streets":["E
        1st St"],"narrative":"Turn right onto E 1st St.","turnType":2,"startPoint":{"lng":-104.605614,"lat":38.267971},"index":6,"formattedTime":"00:00:17","directionName":"West","maneuverNotes":[],"linkIds":[],"signs":[],"mapUrl":"http://www.mapquestapi.com/staticmap/v5/map?key=<Mapquest
        API Key>&size=225,160&locations=38.26797103881836,-104.6056137084961|marker-7||38.2679443359375,-104.6070556640625|marker-8||&center=38.26795768737793,-104.6063346862793&defaultMarker=none&zoom=15&rand=1700097827&session=63321e6f-00ae-5f21-02b4-3804-06e2d722c673","transportMode":"AUTO","attributes":0,"time":17,"iconUrl":"http://content.mqcdn.com/mqsite/turnsigns/rs_right_sm.gif","direction":7},{"distance":0.079,"streets":["W
        City Center Dr"],"narrative":"E 1st St becomes W City Center Dr.","turnType":0,"startPoint":{"lng":-104.607056,"lat":38.267944},"index":7,"formattedTime":"00:00:17","directionName":"West","maneuverNotes":[],"linkIds":[],"signs":[],"mapUrl":"http://www.mapquestapi.com/staticmap/v5/map?key=<Mapquest
        API Key>&size=225,160&locations=38.2679443359375,-104.6070556640625|marker-8||38.267913818359375,-104.60850524902344|marker-9||&center=38.26792907714844,-104.60778045654297&defaultMarker=none&zoom=15&rand=1700097827&session=63321e6f-00ae-5f21-02b4-3804-06e2d722c673","transportMode":"AUTO","attributes":0,"time":17,"iconUrl":"http://content.mqcdn.com/mqsite/turnsigns/rs_straight_sm.gif","direction":7},{"distance":0.211,"streets":["Central
        Main St"],"narrative":"Turn left onto Central Main St.","turnType":6,"startPoint":{"lng":-104.608505,"lat":38.267914},"index":8,"formattedTime":"00:00:25","directionName":"Southwest","maneuverNotes":[],"linkIds":[],"signs":[],"mapUrl":"http://www.mapquestapi.com/staticmap/v5/map?key=<Mapquest
        API Key>&size=225,160&locations=38.267913818359375,-104.60850524902344|marker-9||38.26542663574219,-104.61041259765625|marker-10||&center=38.26667022705078,-104.60945892333984&defaultMarker=none&zoom=12&rand=1700097827&session=63321e6f-00ae-5f21-02b4-3804-06e2d722c673","transportMode":"AUTO","attributes":0,"time":25,"iconUrl":"http://content.mqcdn.com/mqsite/turnsigns/rs_left_sm.gif","direction":6},{"distance":0,"streets":[],"narrative":"Welcome
        to PUEBLO, CO.","turnType":-1,"startPoint":{"lng":-104.610413,"lat":38.265427},"index":9,"formattedTime":"00:00:00","directionName":"","maneuverNotes":[],"linkIds":[],"signs":[],"transportMode":"AUTO","attributes":0,"time":0,"iconUrl":"http://content.mqcdn.com/mqsite/turnsigns/icon-dirs-end_sm.gif","direction":0}],"hasFerry":false}],"options":{"arteryWeights":[],"cyclingRoadFactor":1,"timeType":0,"useTraffic":false,"returnLinkDirections":false,"countryBoundaryDisplay":true,"enhancedNarrative":false,"locale":"en_US","tryAvoidLinkIds":[],"drivingStyle":2,"doReverseGeocode":true,"generalize":-1,"mustAvoidLinkIds":[],"sideOfStreetDisplay":true,"routeType":"FASTEST","avoidTimedConditions":false,"routeNumber":0,"shapeFormat":"raw","maxWalkingDistance":-1,"destinationManeuverDisplay":true,"transferPenalty":-1,"narrativeType":"text","walkingSpeed":-1,"urbanAvoidFactor":-1,"stateBoundaryDisplay":true,"unit":"M","highwayEfficiency":22,"maxLinkId":0,"maneuverPenalty":-1,"avoidTripIds":[],"filterZoneFactor":-1,"manmaps":"true"},"locations":[{"dragPoint":false,"displayLatLng":{"lng":-104.984856,"lat":39.738453},"adminArea4":"Denver
        County","adminArea5":"Denver","postalCode":"","adminArea1":"US","adminArea3":"CO","type":"s","sideOfStreet":"N","geocodeQualityCode":"A5XAX","adminArea4Type":"County","linkId":42409351,"street":"","adminArea5Type":"City","geocodeQuality":"CITY","adminArea1Type":"Country","adminArea3Type":"State","latLng":{"lng":-104.984853,"lat":39.738453}},{"dragPoint":false,"displayLatLng":{"lng":-104.610413,"lat":38.265427},"adminArea4":"Pueblo
        County","adminArea5":"Pueblo","postalCode":"","adminArea1":"US","adminArea3":"CO","type":"s","sideOfStreet":"N","geocodeQualityCode":"A5XAX","adminArea4Type":"County","linkId":57644123,"street":"","adminArea5Type":"City","geocodeQuality":"CITY","adminArea1Type":"Country","adminArea3Type":"State","latLng":{"lng":-104.610415,"lat":38.265425}}],"time":6323,"hasUnpaved":false,"locationSequence":[0,1],"hasFerry":false},"info":{"statuscode":0,"copyright":{"imageAltText":"©
        2022 MapQuest, Inc.","imageUrl":"http://api.mqcdn.com/res/mqlogo.gif","text":"©
        2022 MapQuest, Inc."},"messages":[]}}'
  recorded_at: Mon, 26 Sep 2022 21:49:35 GMT
- request:
    method: get
    uri: http://www.mapquestapi.com/geocoding/v1/address?key=<Mapquest API Key>&location=Pueblo,%20CO
    body:
      encoding: US-ASCII
      string: ''
    headers:
      User-Agent:
      - Faraday v2.5.2
      Accept-Encoding:
      - gzip;q=1.0,deflate;q=0.6,identity;q=0.3
      Accept:
      - "*/*"
  response:
    status:
      code: 200
      message: ''
    headers:
      Date:
      - Mon, 26 Sep 2022 21:49:35 GMT
      Content-Type:
      - application/json;charset=UTF-8
      Content-Length:
      - '1736'
      Access-Control-Allow-Methods:
      - OPTIONS,GET,POST
      Access-Control-Allow-Origin:
      - "*"
      Cache-Control:
      - no-cache, must-revalidate
      Expires:
      - Mon, 20 Dec 1998 01:00:00 GMT
      Geocodetransactioncount:
      - '1'
      Last-Modified:
      - Mon, 26 Sep 2022 21:49:35 GMT
      Pragma:
      - no-cache
      Reversegeocodetransactioncount:
      - '0'
      Set-Cookie:
      - JSESSIONID=E6528A8B521FC9002594939DAACDAEB0; Path=/; HttpOnly
      X-Vz-Migration-Api:
      - 'false'
      Status:
      - success
      - success
      Transactionweight:
      - '1.0'
    body:
      encoding: UTF-8
      string: '{"info":{"statuscode":0,"copyright":{"text":"\u00A9 2022 MapQuest,
        Inc.","imageUrl":"http://api.mqcdn.com/res/mqlogo.gif","imageAltText":"\u00A9
        2022 MapQuest, Inc."},"messages":[]},"options":{"maxResults":-1,"thumbMaps":true,"ignoreLatLngInput":false},"results":[{"providedLocation":{"location":"Pueblo,
        CO"},"locations":[{"street":"","adminArea6":"","adminArea6Type":"Neighborhood","adminArea5":"Pueblo","adminArea5Type":"City","adminArea4":"Pueblo
        County","adminArea4Type":"County","adminArea3":"CO","adminArea3Type":"State","adminArea1":"US","adminArea1Type":"Country","postalCode":"","geocodeQualityCode":"A5XAX","geocodeQuality":"CITY","dragPoint":false,"sideOfStreet":"N","linkId":"282040865","unknownInput":"","type":"s","latLng":{"lat":38.265425,"lng":-104.610415},"displayLatLng":{"lat":38.265425,"lng":-104.610415},"mapUrl":"http://www.mapquestapi.com/staticmap/v5/map?key=<Mapquest
        API Key>&type=map&size=225,160&locations=38.265425,-104.610415|marker-sm-50318A-1&scalebar=true&zoom=12&rand=1069753588"},{"street":"","adminArea6":"","adminArea6Type":"Neighborhood","adminArea5":"","adminArea5Type":"City","adminArea4":"Pueblo
        County","adminArea4Type":"County","adminArea3":"CO","adminArea3Type":"State","adminArea1":"US","adminArea1Type":"Country","postalCode":"","geocodeQualityCode":"A4XAX","geocodeQuality":"COUNTY","dragPoint":false,"sideOfStreet":"N","linkId":"282932014","unknownInput":"","type":"s","latLng":{"lat":38.265425,"lng":-104.610415},"displayLatLng":{"lat":38.265425,"lng":-104.610415},"mapUrl":"http://www.mapquestapi.com/staticmap/v5/map?key=<Mapquest
        API Key>&type=map&size=225,160&locations=38.265425,-104.610415|marker-sm-50318A-2&scalebar=true&zoom=9&rand=-2062552826"}]}]}'
  recorded_at: Mon, 26 Sep 2022 21:49:35 GMT
- request:
    method: get
    uri: https://api.openweathermap.org/data/3.0/onecall?appid=<OpenWeather API Key>&lat=38.265425&lon=-104.610415&units=imperial
    body:
      encoding: US-ASCII
      string: ''
    headers:
      User-Agent:
      - Faraday v2.5.2
      Accept-Encoding:
      - gzip;q=1.0,deflate;q=0.6,identity;q=0.3
      Accept:
      - "*/*"
  response:
    status:
      code: 200
      message: OK
    headers:
      Server:
      - openresty
      Date:
      - Mon, 26 Sep 2022 21:49:35 GMT
      Content-Type:
      - application/json; charset=utf-8
      Content-Length:
      - '19812'
      Connection:
      - keep-alive
      X-Cache-Key:
      - "/data/3.0/onecall?lat=38.27&lon=-104.61&units=imperial"
      Access-Control-Allow-Origin:
      - "*"
      Access-Control-Allow-Credentials:
      - 'true'
      Access-Control-Allow-Methods:
      - GET, POST
    body:
      encoding: UTF-8
      string: '{"lat":38.2654,"lon":-104.6104,"timezone":"America/Denver","timezone_offset":-21600,"current":{"dt":1664228974,"sunrise":1664196581,"sunset":1664239784,"temp":85.82,"feels_like":82.51,"pressure":1018,"humidity":11,"dew_point":26.08,"uvi":2.86,"clouds":0,"visibility":10000,"wind_speed":5.99,"wind_deg":26,"wind_gust":10,"weather":[{"id":800,"main":"Clear","description":"clear
        sky","icon":"01d"}]},"minutely":[{"dt":1664229000,"precipitation":0},{"dt":1664229060,"precipitation":0},{"dt":1664229120,"precipitation":0},{"dt":1664229180,"precipitation":0},{"dt":1664229240,"precipitation":0},{"dt":1664229300,"precipitation":0},{"dt":1664229360,"precipitation":0},{"dt":1664229420,"precipitation":0},{"dt":1664229480,"precipitation":0},{"dt":1664229540,"precipitation":0},{"dt":1664229600,"precipitation":0},{"dt":1664229660,"precipitation":0},{"dt":1664229720,"precipitation":0},{"dt":1664229780,"precipitation":0},{"dt":1664229840,"precipitation":0},{"dt":1664229900,"precipitation":0},{"dt":1664229960,"precipitation":0},{"dt":1664230020,"precipitation":0},{"dt":1664230080,"precipitation":0},{"dt":1664230140,"precipitation":0},{"dt":1664230200,"precipitation":0},{"dt":1664230260,"precipitation":0},{"dt":1664230320,"precipitation":0},{"dt":1664230380,"precipitation":0},{"dt":1664230440,"precipitation":0},{"dt":1664230500,"precipitation":0},{"dt":1664230560,"precipitation":0},{"dt":1664230620,"precipitation":0},{"dt":1664230680,"precipitation":0},{"dt":1664230740,"precipitation":0},{"dt":1664230800,"precipitation":0},{"dt":1664230860,"precipitation":0},{"dt":1664230920,"precipitation":0},{"dt":1664230980,"precipitation":0},{"dt":1664231040,"precipitation":0},{"dt":1664231100,"precipitation":0},{"dt":1664231160,"precipitation":0},{"dt":1664231220,"precipitation":0},{"dt":1664231280,"precipitation":0},{"dt":1664231340,"precipitation":0},{"dt":1664231400,"precipitation":0},{"dt":1664231460,"precipitation":0},{"dt":1664231520,"precipitation":0},{"dt":1664231580,"precipitation":0},{"dt":1664231640,"precipitation":0},{"dt":1664231700,"precipitation":0},{"dt":1664231760,"precipitation":0},{"dt":1664231820,"precipitation":0},{"dt":1664231880,"precipitation":0},{"dt":1664231940,"precipitation":0},{"dt":1664232000,"precipitation":0},{"dt":1664232060,"precipitation":0},{"dt":1664232120,"precipitation":0},{"dt":1664232180,"precipitation":0},{"dt":1664232240,"precipitation":0},{"dt":1664232300,"precipitation":0},{"dt":1664232360,"precipitation":0},{"dt":1664232420,"precipitation":0},{"dt":1664232480,"precipitation":0},{"dt":1664232540,"precipitation":0},{"dt":1664232600,"precipitation":0}],"hourly":[{"dt":1664226000,"temp":85.3,"feels_like":82.09,"pressure":1017,"humidity":12,"dew_point":27.57,"uvi":4.79,"clouds":0,"visibility":10000,"wind_speed":5.57,"wind_deg":94,"wind_gust":6.13,"weather":[{"id":800,"main":"Clear","description":"clear
        sky","icon":"01d"}],"pop":0},{"dt":1664229600,"temp":85.82,"feels_like":82.51,"pressure":1018,"humidity":11,"dew_point":26.08,"uvi":2.86,"clouds":0,"visibility":10000,"wind_speed":5.41,"wind_deg":109,"wind_gust":6.24,"weather":[{"id":800,"main":"Clear","description":"clear
        sky","icon":"01d"}],"pop":0},{"dt":1664233200,"temp":85.44,"feels_like":82.2,"pressure":1017,"humidity":12,"dew_point":27.68,"uvi":1.23,"clouds":0,"visibility":10000,"wind_speed":6.76,"wind_deg":107,"wind_gust":7.29,"weather":[{"id":800,"main":"Clear","description":"clear
        sky","icon":"01d"}],"pop":0},{"dt":1664236800,"temp":84.25,"feels_like":81.28,"pressure":1016,"humidity":13,"dew_point":28.58,"uvi":0.29,"clouds":0,"visibility":10000,"wind_speed":8.19,"wind_deg":109,"wind_gust":10.63,"weather":[{"id":800,"main":"Clear","description":"clear
        sky","icon":"01d"}],"pop":0},{"dt":1664240400,"temp":79.34,"feels_like":79.34,"pressure":1017,"humidity":16,"dew_point":29.62,"uvi":0,"clouds":0,"visibility":10000,"wind_speed":7.67,"wind_deg":120,"wind_gust":11.36,"weather":[{"id":800,"main":"Clear","description":"clear
        sky","icon":"01n"}],"pop":0},{"dt":1664244000,"temp":74.14,"feels_like":72.19,"pressure":1017,"humidity":20,"dew_point":30.72,"uvi":0,"clouds":0,"visibility":10000,"wind_speed":5.57,"wind_deg":123,"wind_gust":7.49,"weather":[{"id":800,"main":"Clear","description":"clear
        sky","icon":"01n"}],"pop":0},{"dt":1664247600,"temp":68.72,"feels_like":66.42,"pressure":1018,"humidity":24,"dew_point":29.43,"uvi":0,"clouds":0,"visibility":10000,"wind_speed":4.54,"wind_deg":95,"wind_gust":5.68,"weather":[{"id":800,"main":"Clear","description":"clear
        sky","icon":"01n"}],"pop":0},{"dt":1664251200,"temp":66.79,"feels_like":64.35,"pressure":1018,"humidity":25,"dew_point":29.39,"uvi":0,"clouds":9,"visibility":10000,"wind_speed":3.4,"wind_deg":52,"wind_gust":3.98,"weather":[{"id":800,"main":"Clear","description":"clear
        sky","icon":"01n"}],"pop":0},{"dt":1664254800,"temp":66.04,"feels_like":63.57,"pressure":1019,"humidity":26,"dew_point":29.32,"uvi":0,"clouds":27,"visibility":10000,"wind_speed":4.76,"wind_deg":19,"wind_gust":5.23,"weather":[{"id":802,"main":"Clouds","description":"scattered
        clouds","icon":"03n"}],"pop":0},{"dt":1664258400,"temp":64.98,"feels_like":62.44,"pressure":1019,"humidity":27,"dew_point":29.8,"uvi":0,"clouds":39,"visibility":10000,"wind_speed":4.68,"wind_deg":11,"wind_gust":5.17,"weather":[{"id":802,"main":"Clouds","description":"scattered
        clouds","icon":"03n"}],"pop":0},{"dt":1664262000,"temp":63.93,"feels_like":61.39,"pressure":1019,"humidity":29,"dew_point":30.38,"uvi":0,"clouds":99,"visibility":10000,"wind_speed":3.98,"wind_deg":331,"wind_gust":4.23,"weather":[{"id":804,"main":"Clouds","description":"overcast
        clouds","icon":"04n"}],"pop":0},{"dt":1664265600,"temp":63.7,"feels_like":61.12,"pressure":1019,"humidity":29,"dew_point":30.51,"uvi":0,"clouds":99,"visibility":10000,"wind_speed":4.65,"wind_deg":322,"wind_gust":4.99,"weather":[{"id":804,"main":"Clouds","description":"overcast
        clouds","icon":"04n"}],"pop":0},{"dt":1664269200,"temp":62.65,"feels_like":60.08,"pressure":1019,"humidity":31,"dew_point":30.79,"uvi":0,"clouds":88,"visibility":10000,"wind_speed":4.54,"wind_deg":309,"wind_gust":5.06,"weather":[{"id":804,"main":"Clouds","description":"overcast
        clouds","icon":"04n"}],"pop":0},{"dt":1664272800,"temp":62.08,"feels_like":59.49,"pressure":1019,"humidity":32,"dew_point":31.06,"uvi":0,"clouds":76,"visibility":10000,"wind_speed":4.29,"wind_deg":301,"wind_gust":4.43,"weather":[{"id":803,"main":"Clouds","description":"broken
        clouds","icon":"04n"}],"pop":0},{"dt":1664276400,"temp":61.84,"feels_like":59.23,"pressure":1019,"humidity":32,"dew_point":31.28,"uvi":0,"clouds":81,"visibility":10000,"wind_speed":3.85,"wind_deg":301,"wind_gust":3.98,"weather":[{"id":803,"main":"Clouds","description":"broken
        clouds","icon":"04n"}],"pop":0},{"dt":1664280000,"temp":61.52,"feels_like":58.93,"pressure":1019,"humidity":33,"dew_point":31.3,"uvi":0,"clouds":84,"visibility":10000,"wind_speed":3.65,"wind_deg":313,"wind_gust":3.74,"weather":[{"id":803,"main":"Clouds","description":"broken
        clouds","icon":"04n"}],"pop":0},{"dt":1664283600,"temp":60.89,"feels_like":58.28,"pressure":1020,"humidity":34,"dew_point":31.41,"uvi":0,"clouds":71,"visibility":10000,"wind_speed":3.53,"wind_deg":308,"wind_gust":3.65,"weather":[{"id":803,"main":"Clouds","description":"broken
        clouds","icon":"04d"}],"pop":0},{"dt":1664287200,"temp":65.79,"feels_like":63.43,"pressure":1020,"humidity":29,"dew_point":32.58,"uvi":0.28,"clouds":66,"visibility":10000,"wind_speed":3.53,"wind_deg":309,"wind_gust":3.98,"weather":[{"id":803,"main":"Clouds","description":"broken
        clouds","icon":"04d"}],"pop":0},{"dt":1664290800,"temp":69.66,"feels_like":67.5,"pressure":1020,"humidity":25,"dew_point":31.62,"uvi":1.17,"clouds":64,"visibility":10000,"wind_speed":3.24,"wind_deg":326,"wind_gust":3.87,"weather":[{"id":803,"main":"Clouds","description":"broken
        clouds","icon":"04d"}],"pop":0},{"dt":1664294400,"temp":72.95,"feels_like":70.99,"pressure":1020,"humidity":22,"dew_point":31.6,"uvi":2.73,"clouds":72,"visibility":10000,"wind_speed":1.5,"wind_deg":4,"wind_gust":1.83,"weather":[{"id":803,"main":"Clouds","description":"broken
        clouds","icon":"04d"}],"pop":0},{"dt":1664298000,"temp":76.24,"feels_like":74.52,"pressure":1019,"humidity":20,"dew_point":31.86,"uvi":4.59,"clouds":60,"visibility":10000,"wind_speed":2.66,"wind_deg":121,"wind_gust":2.73,"weather":[{"id":803,"main":"Clouds","description":"broken
        clouds","icon":"04d"}],"pop":0},{"dt":1664301600,"temp":78.66,"feels_like":77.11,"pressure":1018,"humidity":19,"dew_point":32.99,"uvi":6.12,"clouds":50,"visibility":10000,"wind_speed":5.86,"wind_deg":127,"wind_gust":5.73,"weather":[{"id":802,"main":"Clouds","description":"scattered
        clouds","icon":"03d"}],"pop":0},{"dt":1664305200,"temp":81.14,"feels_like":79.25,"pressure":1017,"humidity":19,"dew_point":34.88,"uvi":6.76,"clouds":6,"visibility":10000,"wind_speed":8.66,"wind_deg":131,"wind_gust":8.34,"weather":[{"id":800,"main":"Clear","description":"clear
        sky","icon":"01d"}],"pop":0.16},{"dt":1664308800,"temp":82.69,"feels_like":80.29,"pressure":1016,"humidity":19,"dew_point":36.68,"uvi":6.17,"clouds":6,"visibility":10000,"wind_speed":8.95,"wind_deg":121,"wind_gust":8.37,"weather":[{"id":800,"main":"Clear","description":"clear
        sky","icon":"01d"}],"pop":0.2},{"dt":1664312400,"temp":83.77,"feels_like":81.07,"pressure":1015,"humidity":19,"dew_point":37.26,"uvi":4.63,"clouds":5,"visibility":10000,"wind_speed":11.56,"wind_deg":112,"wind_gust":10.07,"weather":[{"id":800,"main":"Clear","description":"clear
        sky","icon":"01d"}],"pop":0.22},{"dt":1664316000,"temp":76.71,"feels_like":75.49,"pressure":1016,"humidity":30,"dew_point":41.27,"uvi":2.53,"clouds":21,"visibility":10000,"wind_speed":22.12,"wind_deg":186,"wind_gust":23.76,"weather":[{"id":500,"main":"Rain","description":"light
        rain","icon":"10d"}],"pop":0.33,"rain":{"1h":0.33}},{"dt":1664319600,"temp":76.89,"feels_like":75.6,"pressure":1016,"humidity":28,"dew_point":40.06,"uvi":1.08,"clouds":18,"visibility":10000,"wind_speed":21.39,"wind_deg":200,"wind_gust":23.69,"weather":[{"id":801,"main":"Clouds","description":"few
        clouds","icon":"02d"}],"pop":0.3},{"dt":1664323200,"temp":75.61,"feels_like":74.28,"pressure":1017,"humidity":30,"dew_point":41.77,"uvi":0.25,"clouds":17,"visibility":10000,"wind_speed":11.99,"wind_deg":208,"wind_gust":20.65,"weather":[{"id":500,"main":"Rain","description":"light
        rain","icon":"10d"}],"pop":0.42,"rain":{"1h":0.15}},{"dt":1664326800,"temp":69.75,"feels_like":68.31,"pressure":1019,"humidity":40,"dew_point":43.92,"uvi":0,"clouds":98,"visibility":10000,"wind_speed":11.56,"wind_deg":358,"wind_gust":14,"weather":[{"id":500,"main":"Rain","description":"light
        rain","icon":"10n"}],"pop":0.36,"rain":{"1h":0.12}},{"dt":1664330400,"temp":67.3,"feels_like":65.98,"pressure":1020,"humidity":48,"dew_point":46.54,"uvi":0,"clouds":99,"visibility":10000,"wind_speed":10.09,"wind_deg":360,"wind_gust":14.63,"weather":[{"id":804,"main":"Clouds","description":"overcast
        clouds","icon":"04n"}],"pop":0.3},{"dt":1664334000,"temp":66.34,"feels_like":64.98,"pressure":1022,"humidity":49,"dew_point":46.2,"uvi":0,"clouds":97,"visibility":10000,"wind_speed":10.6,"wind_deg":309,"wind_gust":18.99,"weather":[{"id":804,"main":"Clouds","description":"overcast
        clouds","icon":"04n"}],"pop":0.34},{"dt":1664337600,"temp":66.87,"feels_like":65.61,"pressure":1022,"humidity":50,"dew_point":46.8,"uvi":0,"clouds":98,"visibility":10000,"wind_speed":13.51,"wind_deg":299,"wind_gust":19.51,"weather":[{"id":804,"main":"Clouds","description":"overcast
        clouds","icon":"04n"}],"pop":0.37},{"dt":1664341200,"temp":66.63,"feels_like":65.39,"pressure":1022,"humidity":51,"dew_point":47.3,"uvi":0,"clouds":98,"visibility":10000,"wind_speed":7.74,"wind_deg":316,"wind_gust":14.03,"weather":[{"id":804,"main":"Clouds","description":"overcast
        clouds","icon":"04n"}],"pop":0.37},{"dt":1664344800,"temp":66.24,"feels_like":64.96,"pressure":1022,"humidity":51,"dew_point":46.76,"uvi":0,"clouds":98,"visibility":10000,"wind_speed":7.9,"wind_deg":280,"wind_gust":13.51,"weather":[{"id":804,"main":"Clouds","description":"overcast
        clouds","icon":"04n"}],"pop":0.37},{"dt":1664348400,"temp":64.53,"feels_like":63.18,"pressure":1022,"humidity":53,"dew_point":46.29,"uvi":0,"clouds":82,"visibility":10000,"wind_speed":4.25,"wind_deg":289,"wind_gust":5.88,"weather":[{"id":803,"main":"Clouds","description":"broken
        clouds","icon":"04n"}],"pop":0},{"dt":1664352000,"temp":64.69,"feels_like":63.3,"pressure":1022,"humidity":52,"dew_point":46.38,"uvi":0,"clouds":89,"visibility":10000,"wind_speed":4.72,"wind_deg":353,"wind_gust":8.32,"weather":[{"id":804,"main":"Clouds","description":"overcast
        clouds","icon":"04n"}],"pop":0},{"dt":1664355600,"temp":64.35,"feels_like":62.98,"pressure":1022,"humidity":53,"dew_point":46.08,"uvi":0,"clouds":91,"visibility":10000,"wind_speed":1.59,"wind_deg":335,"wind_gust":3.8,"weather":[{"id":804,"main":"Clouds","description":"overcast
        clouds","icon":"04n"}],"pop":0},{"dt":1664359200,"temp":61.86,"feels_like":60.39,"pressure":1022,"humidity":56,"dew_point":45,"uvi":0,"clouds":83,"visibility":10000,"wind_speed":0.98,"wind_deg":43,"wind_gust":2.95,"weather":[{"id":803,"main":"Clouds","description":"broken
        clouds","icon":"04n"}],"pop":0},{"dt":1664362800,"temp":60.39,"feels_like":58.75,"pressure":1022,"humidity":56,"dew_point":43.72,"uvi":0,"clouds":69,"visibility":10000,"wind_speed":1.48,"wind_deg":44,"wind_gust":3.49,"weather":[{"id":803,"main":"Clouds","description":"broken
        clouds","icon":"04n"}],"pop":0},{"dt":1664366400,"temp":59,"feels_like":57.27,"pressure":1022,"humidity":57,"dew_point":42.98,"uvi":0,"clouds":59,"visibility":10000,"wind_speed":2.08,"wind_deg":64,"wind_gust":3.42,"weather":[{"id":803,"main":"Clouds","description":"broken
        clouds","icon":"04n"}],"pop":0},{"dt":1664370000,"temp":57.94,"feels_like":56.16,"pressure":1023,"humidity":58,"dew_point":42.42,"uvi":0,"clouds":5,"visibility":10000,"wind_speed":2.39,"wind_deg":66,"wind_gust":3.15,"weather":[{"id":800,"main":"Clear","description":"clear
        sky","icon":"01d"}],"pop":0},{"dt":1664373600,"temp":61.57,"feels_like":59.77,"pressure":1023,"humidity":50,"dew_point":42.17,"uvi":0.28,"clouds":7,"visibility":10000,"wind_speed":2.13,"wind_deg":69,"wind_gust":2.28,"weather":[{"id":800,"main":"Clear","description":"clear
        sky","icon":"01d"}],"pop":0},{"dt":1664377200,"temp":64.78,"feels_like":63.07,"pressure":1023,"humidity":45,"dew_point":42.37,"uvi":1.14,"clouds":6,"visibility":10000,"wind_speed":1.43,"wind_deg":84,"wind_gust":1.12,"weather":[{"id":800,"main":"Clear","description":"clear
        sky","icon":"01d"}],"pop":0},{"dt":1664380800,"temp":68.23,"feels_like":66.74,"pressure":1023,"humidity":42,"dew_point":43.57,"uvi":2.69,"clouds":6,"visibility":10000,"wind_speed":2.35,"wind_deg":124,"wind_gust":3.69,"weather":[{"id":800,"main":"Clear","description":"clear
        sky","icon":"01d"}],"pop":0},{"dt":1664384400,"temp":72.05,"feels_like":70.7,"pressure":1022,"humidity":37,"dew_point":44.06,"uvi":4.55,"clouds":7,"visibility":10000,"wind_speed":4.43,"wind_deg":140,"wind_gust":6.08,"weather":[{"id":800,"main":"Clear","description":"clear
        sky","icon":"01d"}],"pop":0},{"dt":1664388000,"temp":75.76,"feels_like":74.59,"pressure":1021,"humidity":33,"dew_point":43.9,"uvi":6.06,"clouds":8,"visibility":10000,"wind_speed":5.17,"wind_deg":139,"wind_gust":6.35,"weather":[{"id":800,"main":"Clear","description":"clear
        sky","icon":"01d"}],"pop":0},{"dt":1664391600,"temp":79.34,"feels_like":79.34,"pressure":1019,"humidity":28,"dew_point":43.16,"uvi":6.69,"clouds":13,"visibility":10000,"wind_speed":5.79,"wind_deg":127,"wind_gust":6.24,"weather":[{"id":801,"main":"Clouds","description":"few
        clouds","icon":"02d"}],"pop":0},{"dt":1664395200,"temp":81.88,"feels_like":80.04,"pressure":1017,"humidity":25,"dew_point":41.86,"uvi":6.1,"clouds":12,"visibility":10000,"wind_speed":6.22,"wind_deg":119,"wind_gust":6.4,"weather":[{"id":801,"main":"Clouds","description":"few
        clouds","icon":"02d"}],"pop":0}],"daily":[{"dt":1664215200,"sunrise":1664196581,"sunset":1664239784,"moonrise":1664199000,"moonset":1664242140,"moon_phase":0.03,"temp":{"day":78.94,"min":54.81,"max":85.82,"night":66.04,"eve":84.25,"morn":55.49},"feels_like":{"day":78.94,"night":63.57,"eve":81.28,"morn":52.99},"pressure":1018,"humidity":21,"dew_point":35.73,"wind_speed":8.19,"wind_deg":109,"wind_gust":11.36,"weather":[{"id":800,"main":"Clear","description":"clear
        sky","icon":"01d"}],"clouds":0,"pop":0,"uvi":6.97},{"dt":1664301600,"sunrise":1664283034,"sunset":1664326089,"moonrise":1664289300,"moonset":1664330040,"moon_phase":0.06,"temp":{"day":78.66,"min":60.89,"max":83.77,"night":66.63,"eve":75.61,"morn":61.52},"feels_like":{"day":77.11,"night":65.39,"eve":74.28,"morn":58.93},"pressure":1018,"humidity":19,"dew_point":32.99,"wind_speed":22.12,"wind_deg":186,"wind_gust":23.76,"weather":[{"id":500,"main":"Rain","description":"light
        rain","icon":"10d"}],"clouds":50,"pop":0.42,"rain":0.6,"uvi":6.76},{"dt":1664388000,"sunrise":1664369486,"sunset":1664412395,"moonrise":1664379840,"moonset":1664418180,"moon_phase":0.1,"temp":{"day":75.76,"min":57.94,"max":83.68,"night":66.88,"eve":79.66,"morn":59},"feels_like":{"day":74.59,"night":65.34,"eve":79.66,"morn":57.27},"pressure":1021,"humidity":33,"dew_point":43.9,"wind_speed":17.45,"wind_deg":171,"wind_gust":26.26,"weather":[{"id":800,"main":"Clear","description":"clear
        sky","icon":"01d"}],"clouds":8,"pop":0.37,"uvi":6.69},{"dt":1664474400,"sunrise":1664455939,"sunset":1664498700,"moonrise":1664470500,"moonset":1664506680,"moon_phase":0.13,"temp":{"day":83.91,"min":63.07,"max":86.7,"night":71.96,"eve":82.81,"morn":63.07},"feels_like":{"day":81.14,"night":70.12,"eve":80.35,"morn":61.38},"pressure":1014,"humidity":18,"dew_point":36.19,"wind_speed":8.41,"wind_deg":280,"wind_gust":13.65,"weather":[{"id":803,"main":"Clouds","description":"broken
        clouds","icon":"04d"}],"clouds":51,"pop":0.04,"uvi":6.32},{"dt":1664560800,"sunrise":1664542392,"sunset":1664585006,"moonrise":1664561220,"moonset":1664595600,"moon_phase":0.17,"temp":{"day":82.76,"min":62.82,"max":85.26,"night":70.05,"eve":82.13,"morn":62.82},"feels_like":{"day":80.35,"night":68.4,"eve":79.92,"morn":60.67},"pressure":1009,"humidity":19,"dew_point":35.6,"wind_speed":13.04,"wind_deg":335,"wind_gust":21.05,"weather":[{"id":800,"main":"Clear","description":"clear
        sky","icon":"01d"}],"clouds":6,"pop":0.16,"uvi":6.42},{"dt":1664647200,"sunrise":1664628846,"sunset":1664671312,"moonrise":1664651880,"moonset":1664685060,"moon_phase":0.2,"temp":{"day":70.18,"min":57.24,"max":70.18,"night":57.56,"eve":61.88,"morn":57.24},"feels_like":{"day":68.86,"night":56.59,"eve":60.49,"morn":55.99},"pressure":1011,"humidity":42,"dew_point":45.75,"wind_speed":14.65,"wind_deg":237,"wind_gust":13.24,"weather":[{"id":501,"main":"Rain","description":"moderate
        rain","icon":"10d"}],"clouds":43,"pop":0.98,"rain":7.21,"uvi":7},{"dt":1664733600,"sunrise":1664715300,"sunset":1664757619,"moonrise":1664742180,"moonset":1664775120,"moon_phase":0.25,"temp":{"day":66.92,"min":52.59,"max":76.1,"night":62.87,"eve":72.48,"morn":52.59},"feels_like":{"day":65.52,"night":61.63,"eve":71.08,"morn":51.55},"pressure":1015,"humidity":47,"dew_point":45.79,"wind_speed":14,"wind_deg":16,"wind_gust":15.43,"weather":[{"id":500,"main":"Rain","description":"light
        rain","icon":"10d"}],"clouds":0,"pop":0.45,"rain":0.51,"uvi":7},{"dt":1664820000,"sunrise":1664801754,"sunset":1664843926,"moonrise":1664832060,"moonset":0,"moon_phase":0.28,"temp":{"day":65.7,"min":55,"max":68.85,"night":59.04,"eve":67.78,"morn":55},"feels_like":{"day":63.84,"night":57.09,"eve":65.71,"morn":53.35},"pressure":1019,"humidity":40,"dew_point":40.14,"wind_speed":18.59,"wind_deg":19,"wind_gust":30.89,"weather":[{"id":500,"main":"Rain","description":"light
        rain","icon":"10d"}],"clouds":69,"pop":0.52,"rain":0.4,"uvi":7}]}'
  recorded_at: Mon, 26 Sep 2022 21:49:36 GMT
recorded_with: VCR 6.1.0
